[ Command
    { command'id = 1
    , command'always = False
    , command'method = "GET"
    , command'url = [ Right "/" ]
    , command'request_body = Nothing
    , command'response_body =
        Just
          (JsonObject
             (Object
                (fromList
                   [ ( "a" , JsonCustom "t" (RespTypeDefn TyAny) )
                   , ( "b" , JsonCustom "t" (RespTypeDefn TyInteger) )
                   , ( "c" , JsonCustom "t" (RespTypeDefn TyDouble) )
                   , ( "d" , JsonCustom "t" (RespTypeDefn TyString) )
                   , ( "e" , JsonCustom "t" (RespTypeDefn TyBool) )
                   , ( "f" , JsonCustom "t" (RespTypeDefn TyObject) )
                   , ( "g" , JsonCustom "t" (RespTypeDefn TyArray) )
                   , ( "h" , JsonCustom "t" (RespTypeDefn (TyMaybe TyString)) )
                   ])))
    }
]
