[ Command
    { command'id = 1
    , command'always = False
    , command'method = "GET"
    , command'url = [ Right "/" ]
    , command'request_body = Nothing
    , command'response_body =
        Just
          (JsonObject
             (Object
                (fromList
                   [ ( "a" , JsonCustom "t" (Right TyAny) )
                   , ( "b" , JsonCustom "t" (Right TyInteger) )
                   , ( "c" , JsonCustom "t" (Right TyDouble) )
                   , ( "d" , JsonCustom "t" (Right TyString) )
                   , ( "e" , JsonCustom "t" (Right TyBool) )
                   , ( "f" , JsonCustom "t" (Right TyObject) )
                   , ( "g" , JsonCustom "t" (Right TyArray) )
                   , ( "h" , JsonCustom "t" (Right (TyMaybe TyString)) )
                   ])))
    }
]
