[ Command
    { command'id = 1
    , command'always = False
    , command'method = "POST"
    , command'url = [ Right "/" ]
    , command'request_body =
        Just
          (JsonObject
             (Object
                (fromList
                   [ ( "a" , JsonCustom "g" (ReqGen GenString) )
                   , ( "b" , JsonCustom "g" (ReqGen GenInteger) )
                   , ( "c" , JsonCustom "g" (ReqGen GenDouble) )
                   , ( "d" , JsonCustom "g" (ReqGen GenBool) )
                   , ( "e" , JsonCustom "g" (ReqGen (GenMaybe GenString)) )
                   ])))
    , command'response_body =
        Just (JsonCustom "r" (RespRef (Ref 1 Request [] (fromList []))))
    }
]
