[ Command
    { command'id = 1
    , command'always = False
    , command'method = "POST"
    , command'url = [ Right "/" ]
    , command'request_body =
        Just
          (M (C (InR
                   (ObjectF
                      (fromList
                         [ ( "a" , M (C (InL (Const ( "g" , ReqGen GenText )))) [] )
                         , ( "b" , M (C (InL (Const ( "g" , ReqGen GenInt )))) [] )
                         , ( "c" , M (C (InL (Const ( "g" , ReqGen GenDouble )))) [] )
                         , ( "d" , M (C (InL (Const ( "g" , ReqGen GenBool )))) [] )
                         , ( "e"
                           , M (C (InL (Const ( "g" , ReqGen (GenMaybe GenText) )))) []
                           )
                         ]))))
             [])
    , command'response_body =
        Just
          (M (C (InL
                   (Const ( "r" , RespRef (Ref 1 Request [] (fromList [])) ))))
             [])
    }
]
