[ Command
    { command'ident = 1
    , command'always = False
    , command'method = "POST"
    , command'url = [ Right "/" ]
    , command'request_body =
        [ JsonObject (fromList [ ( "a" , JsonNumber 0.0 ) ]) ]
    , command'response_body =
        [ JsonCustom "r" (Left (Ref 1 Response []))
        , JsonObject
            (fromList
               [ ( "b" , JsonCustom "r" (Left (Ref 1 Response [ "a" ])) ) ])
        ]
    }
]
