ObjectF
  (fromList
     [ ( "a" , NullF )
     , ( "b" , TextF "some string" )
     , ( "c" , IntF 123 )
     , ( "d" , DoubleF 0.0 )
     , ( "e" , DoubleF 1.0e-3 )
     , ( "f" , DoubleF 3.21e9 )
     , ( "g" , ArrayF [ IntF 1 , DoubleF 2.0 , TextF "3" ] )
     , ( "h"
       , ObjectF (fromList [ ( "x" , IntF 1 ) , ( "y" , IntF 2 ) ])
       )
     ])
